baseline          fold0 same IoU 0.6454 P 0.7369 R 0.8387  own IoU 0.7792  ntr=90000 crackfrac=0.472
baseline          fold1 same IoU 0.6462 P 0.7323 R 0.8461  own IoU 0.7750  ntr=90000 crackfrac=0.468
baseline          fold2 same IoU 0.6859 P 0.7441 R 0.8976  own IoU 0.7686  ntr=90000 crackfrac=0.467
baseline          fold3 same IoU 0.6275 P 0.7205 R 0.8294  own IoU 0.7231  ntr=90000 crackfrac=0.458
baseline          fold4 same IoU 0.6325 P 0.6691 R 0.9203  own IoU 0.8385  ntr=90000 crackfrac=0.466
== baseline: same IoU 0.6475 +-0.0229 P 0.7206 R 0.8664 | own IoU 0.7769
thin_ring_neg     fold0 same IoU 0.7521 P 0.8599 R 0.8572  own IoU 0.7521  ntr=90000 crackfrac=0.466
thin_ring_neg     fold1 same IoU 0.7267 P 0.8569 R 0.8271  own IoU 0.7267  ntr=90000 crackfrac=0.461
thin_ring_neg     fold2 same IoU 0.7603 P 0.8722 R 0.8555  own IoU 0.7603  ntr=90000 crackfrac=0.462
thin_ring_neg     fold3 same IoU 0.6846 P 0.8290 R 0.7971  own IoU 0.6846  ntr=90000 crackfrac=0.457
thin_ring_neg     fold4 same IoU 0.7674 P 0.8255 R 0.9159  own IoU 0.7674  ntr=90000 crackfrac=0.460
== thin_ring_neg: same IoU 0.7382 +-0.0337 P 0.8487 R 0.8506 | own IoU 0.7382
thin_plus_margin  fold0 same IoU 0.7015 P 0.8099 R 0.8397  own IoU 0.7977  ntr=90000 crackfrac=0.469
thin_plus_margin  fold1 same IoU 0.7000 P 0.7983 R 0.8503  own IoU 0.8062  ntr=90000 crackfrac=0.468
thin_plus_margin  fold2 same IoU 0.7619 P 0.8232 R 0.9110  own IoU 0.8515  ntr=90000 crackfrac=0.466
thin_plus_margin  fold3 same IoU 0.6739 P 0.7862 R 0.8251  own IoU 0.7716  ntr=90000 crackfrac=0.457
thin_plus_margin  fold4 same IoU 0.7184 P 0.7647 R 0.9223  own IoU 0.8578  ntr=90000 crackfrac=0.466
== thin_plus_margin: same IoU 0.7111 +-0.0325 P 0.7965 R 0.8697 | own IoU 0.8170
core_dilate3      fold0 same IoU 0.7008 P 0.8033 R 0.8460  own IoU 0.8021  ntr=90000 crackfrac=0.469
core_dilate3      fold1 same IoU 0.6790 P 0.7848 R 0.8344  own IoU 0.7889  ntr=90000 crackfrac=0.467
core_dilate3      fold2 same IoU 0.7347 P 0.8196 R 0.8764  own IoU 0.8193  ntr=90000 crackfrac=0.467
core_dilate3      fold3 same IoU 0.6350 P 0.7583 R 0.7960  own IoU 0.7249  ntr=90000 crackfrac=0.457
core_dilate3      fold4 same IoU 0.7062 P 0.7412 R 0.9374  own IoU 0.8667  ntr=90000 crackfrac=0.466
== core_dilate3: same IoU 0.6911 +-0.0371 P 0.7814 R 0.8580 | own IoU 0.8004
ring_neg_forced   fold0 same IoU 0.7458 P 0.8802 R 0.8301  own IoU 0.7458  ntr=90000 crackfrac=0.495
ring_neg_forced   fold1 same IoU 0.7300 P 0.9002 R 0.7943  own IoU 0.7300  ntr=90000 crackfrac=0.491
ring_neg_forced   fold2 same IoU 0.7801 P 0.8853 R 0.8678  own IoU 0.7801  ntr=90000 crackfrac=0.493
ring_neg_forced   fold3 same IoU 0.6575 P 0.8662 R 0.7318  own IoU 0.6575  ntr=90000 crackfrac=0.492
ring_neg_forced   fold4 same IoU 0.7931 P 0.8785 R 0.8909  own IoU 0.7931  ntr=90000 crackfrac=0.495
== ring_neg_forced: same IoU 0.7413 +-0.0533 P 0.8821 R 0.8230 | own IoU 0.7413
done in 606.0 s
