[1/71] Average_mosaic_260618_B2_2_1_lbf_idx00000_mosaictile core=       0 inner=      0 outer=       0 neg= 14798039 decl=0  10.8s
[2/71] Average_mosaic_260618_B2_2_9_lbf_idx00000_mosaictile core=       0 inner=      0 outer=       0 neg= 18259192 decl=0  12.8s
[3/71] Average_mosaic_260618_B2_333_75_um_zoom_idx00000_mos core=   49041 inner=   3331 outer=   16787 neg=   789267 decl=0   1.8s
[4/71] Average_mosaic_260618_B2_3_1_lbf_idx00000_mosaictile core=   22795 inner=   4196 outer=    3761 neg=        0 decl=0  13.0s
[5/71] Average_mosaic_260618_B2_3_2_lbf_idx00000_mosaictile core=   68424 inner=   7774 outer=    9958 neg=  4000181 decl=0  13.3s
[6/71] Average_mosaic_260618_B2_amb_mosaic_2_idx00000_mosai core=       0 inner=      0 outer=       0 neg= 14484984 decl=0  10.4s
[7/71] Average_mosaic_260618_b2_335_31um_FRFR_idx00000_mosa core=   94195 inner=   3314 outer=   21595 neg=   853572 decl=0   1.8s
[8/71] Average_mosaic_260618_b2_336_25_idx00000_mosaictileA core=   27855 inner=   1960 outer=    4671 neg=   119101 decl=0   1.8s
[9/71] Average_mosaic_260618_b2_337_19_idx00000_mosaictileA core=  263128 inner=  12917 outer=   47571 neg=   695686 decl=0   1.8s
[10/71] Average_mosaic_260618_b2_338_13_idx00000_mosaictileA core=  177711 inner=   9954 outer=   40618 neg=   675719 decl=0   1.9s
[11/71] Average_mosaic_260618_b2_339_06_idx00000_mosaictileA core=  231376 inner=  10989 outer=   48022 neg=   624767 decl=0   1.8s
[12/71] Average_mosaic_260618_b2_340_00_idx00000_mosaictileA core=  470835 inner=  28827 outer=   80435 neg=   784205 decl=0   2.5s
[13/71] Average_mosaic_260618_b2_340_94_idx00000_mosaictileA core=  719146 inner=  62833 outer=  304892 neg=  1085110 decl=0   2.5s
[14/71] Average_mosaic_260618_b2_341_88_take2_idx00000_mosai core=  650613 inner=  40173 outer=  158919 neg=   648828 decl=0   2.5s
[15/71] Average_mosaic_260618_b2_342_81_idx00000_mosaictileA core=  532857 inner=  32657 outer=  129165 neg=   752781 decl=0   2.5s
[16/71] Average_mosaic_260618_b2_343_75_LARGE_idx00000_mosai core= 2505664 inner= 293084 outer= 1283380 neg=  7657574 decl=0  15.9s
[17/71] Average_mosaic_260618_b2_343_75_idx00000_mosaictileA core=  607433 inner=  46671 outer=  192411 neg=   809527 decl=0   2.5s
[18/71] Average_mosaic_260618_b3_amb_idx00000_mosaictileAA_i core=       0 inner=      0 outer=       0 neg= 13226798 decl=0   8.9s
[19/71] Average_mosaic_260619_HC_316L_fatigue_1000_cycles_id core=   22696 inner=   2946 outer=   24101 neg=  8387180 decl=0   8.6s
[20/71] Average_mosaic_260619_HC_316L_fatigue_1100_cycles_id core=   62064 inner=  12666 outer=   97886 neg=  6265453 decl=0   6.6s
[21/71] Average_mosaic_260619_HC_316L_fatigue_1200_cycles_id core=   91685 inner=  11802 outer=   68082 neg=  4818412 decl=0   6.3s
[22/71] Average_mosaic_260619_HC_316L_fatigue_1250_cycles_id core=   10407 inner=   3960 outer=    4594 neg=  4902627 decl=0   3.1s
[23/71] Average_mosaic_260619_HC_316L_fatigue_1300_cycles_2_ core=  118611 inner=   9074 outer=   33218 neg=  4201496 decl=0   7.1s
[24/71] Average_mosaic_260619_HC_316L_fatigue_1350_cycles_id core=  111476 inner=  10914 outer=   59698 neg=  4756198 decl=0   7.6s
[25/71] Average_mosaic_260619_HC_316L_fatigue_1400_cycles_id core=  172104 inner=  14266 outer=   50972 neg=  9187028 decl=0   6.6s
[26/71] Average_mosaic_260619_HC_316L_fatigue_1400_cycles_ti core=   17790 inner=   3398 outer=    5947 neg=  8617703 decl=0   6.0s
[27/71] Average_mosaic_260619_HC_316L_fatigue_1450_cycles_id core=  171440 inner=  20176 outer=  102744 neg=  9091768 decl=0   6.9s
[28/71] Average_mosaic_260619_HC_316L_fatigue_1450_cycles_ti core=  240467 inner=  30399 outer=   98307 neg=  4285499 decl=0   6.1s
[29/71] Average_mosaic_260619_HC_316L_fatigue_1500_cycles_id core=  223634 inner=  16816 outer=   89999 neg=  3383933 decl=0   6.9s
[30/71] Average_mosaic_260619_HC_316L_fatigue_1600_cycles_id core=  240514 inner=  19217 outer=   76818 neg=  1754281 decl=0   7.2s
[31/71] Average_mosaic_260619_HC_316L_fatigue_1650_cycles_id core=  244929 inner=  24648 outer=  124871 neg=  3686459 decl=0   7.1s
[32/71] Average_mosaic_260619_HC_316L_fatigue_1650_cycles_ti core=  289100 inner=  32503 outer=   71063 neg=  3005174 decl=0   4.8s
[33/71] Average_mosaic_260619_HC_316L_fatigue_1750_cycles_id core=  376205 inner=  45092 outer=  204458 neg=  2779485 decl=0   6.9s
[34/71] Average_mosaic_260619_HC_316L_fatigue_1750_tip_zoom_ core=   25037 inner=   4047 outer=   17415 neg=  4547476 decl=0   6.5s
[35/71] Average_mosaic_260619_HC_316L_fatigue_1760_tip_zoom_ core=   79984 inner=  20292 outer=   52731 neg=  5921362 decl=0   6.1s
[36/71] Average_mosaic_260619_HC_316L_fatigue_1770_tip_zoom_ core=    5524 inner=    838 outer=    8332 neg=  2932694 decl=0   6.0s
[37/71] Average_mosaic_260619_HC_316L_fatigue_1780_tip_zoom_ core=   26521 inner=   3827 outer=   21209 neg=  4312688 decl=0   5.5s
[38/71] Average_mosaic_260619_HC_316L_fatigue_1790_cycles_id core=  190592 inner=  21490 outer=   77096 neg=  1617834 decl=0   8.2s
[39/71] Average_mosaic_260619_HC_316L_fatigue_1790_tip_zoom_ core=    9937 inner=   1136 outer=    5692 neg=  4063816 decl=0   5.5s
[40/71] Average_mosaic_260619_HC_316L_fatigue_200_cycles_idx core=       0 inner=      0 outer=       0 neg= 12547568 decl=0  16.3s
[41/71] Average_mosaic_260619_HC_316L_fatigue_400_cycles_idx core=       0 inner=      0 outer=       0 neg= 16510579 decl=0  23.7s
[42/71] Average_mosaic_260619_HC_316L_fatigue_600_cycles_idx core=   60853 inner=      0 outer=       0 neg= 14212744 decl=1  23.5s
[43/71] Average_mosaic_260619_HC_316L_fatigue_700_cycles_idx core=   39121 inner=   3020 outer=   18159 neg=  4648932 decl=0  10.3s
[44/71] Average_mosaic_260619_HC_316L_fatigue_800_cycles_idx core=   27576 inner=   1753 outer=    6668 neg=  8468069 decl=0  11.0s
[45/71] Average_mosaic_260619_HC_316L_fatigue_900_cycles_FRF core=   48941 inner=   9810 outer=   77463 neg=  6284720 decl=0  10.0s
[46/71] Average_mosaic_260620_b3_362_50um_idx00000_mosaictil core= 1609147 inner= 120685 outer=  213286 neg=  1516949 decl=0  13.0s
[47/71] Average_mosaic_260620_b3_380_00um_4_idx00000_mosaict core=  724101 inner=  11936 outer=    5611 neg=  1509289 decl=0  17.8s
[48/71] Average_mosaic_260620_b3_380_00um_ZOOM_idx00000_mosa core=  102335 inner=     74 outer=       1 neg=  1917060 decl=0   2.8s
[49/71] Average_mosaic_260620_b3_380_00um_idx00000_mosaictil core= 1454519 inner=  93240 outer=   78675 neg=  4804951 decl=0  17.9s
[50/71] Average_mosaic_260620_b3_380_94um_ZOOM_idx00000_mosa core=   84978 inner=     79 outer=       0 neg=   565263 decl=0   2.7s
[51/71] Average_mosaic_260620_b3_381_88um_ZOOM_idx00000_mosa core=  112445 inner=    202 outer=      73 neg=   731048 decl=0   2.6s
[52/71] Average_mosaic_260620_b3_383_75um_ZOOM_idx00000_mosa core=  190619 inner=   1237 outer=    1495 neg=   495397 decl=0   2.6s
[53/71] Average_mosaic_260620_b3_385_63um_ZOOM_idx00000_mosa core=  229426 inner=    822 outer=    1799 neg=  1101697 decl=0   2.6s
[54/71] Average_mosaic_260620_b3_388_13um_LARGE_2_idx00000_m core= 1920538 inner= 198438 outer=   66143 neg=   860928 decl=0  16.5s
[55/71] Average_mosaic_260620_b3_388_13um_ZOOM_idx00000_mosa core=  385314 inner=   5835 outer=    3657 neg=  1765989 decl=0   2.6s
[56/71] Average_mosaic_260620_b3_3_0lbf_268_13um_idx00000_mo core=       0 inner=      0 outer=       0 neg=  6779572 decl=0   9.6s
[57/71] Average_mosaic_260620_b3_3_18lbf_348_13um_idx00000_m core=       0 inner=      0 outer=       0 neg= 13426021 decl=0  10.0s
[58/71] Average_mosaic_260620_wrought_316L_fatigue_0_cycles_ core=       0 inner=      0 outer=       0 neg= 21156613 decl=0  15.7s
[59/71] Average_mosaic_260620_wrought_316L_fatigue_1000_cycl core=   96241 inner=   2724 outer=    2155 neg= 12724194 decl=0  16.7s
[60/71] Average_mosaic_260620_wrought_316L_fatigue_1100_cycl core=  398192 inner=  22716 outer=   88549 neg=   456280 decl=0   6.2s
[61/71] Average_mosaic_260620_wrought_316L_fatigue_1100_cycl core=  385584 inner=  36160 outer=  129736 neg=  5771399 decl=0  18.3s
[62/71] Average_mosaic_260620_wrought_316L_fatigue_1200_cycl core=  507551 inner=  30318 outer=   72760 neg=  2118821 decl=0   7.7s
[63/71] Average_mosaic_260620_wrought_316L_fatigue_1250_cycl core=  740563 inner=  23503 outer=  122506 neg=   785065 decl=0   7.7s
[64/71] Average_mosaic_260620_wrought_316L_fatigue_1260_cycl core=  892444 inner=  46887 outer=   57792 neg=   648629 decl=0   8.0s
[65/71] Average_mosaic_260620_wrought_316L_fatigue_1270_cycl core= 1138103 inner=  83213 outer=   67007 neg=   672077 decl=0   7.7s
[66/71] Average_mosaic_260620_wrought_316L_fatigue_1280_cycl core= 1204562 inner= 118215 outer=  109475 neg=   824265 decl=0   8.0s
[67/71] Average_mosaic_260620_wrought_316L_fatigue_1290_cycl core= 1051028 inner=  65491 outer=   77654 neg=  1249482 decl=0  10.5s
[68/71] Average_mosaic_260620_wrought_316L_fatigue_1300_cycl core= 1514284 inner= 159938 outer=  433189 neg=  1878774 decl=0  10.4s
[69/71] Average_mosaic_260620_wrought_316L_fatigue_300_cycle core=       0 inner=      0 outer=       0 neg= 16760987 decl=0  18.6s
[70/71] Average_mosaic_260620_wrought_316L_fatigue_800_cycle core=   32701 inner=      0 outer=       0 neg= 14013674 decl=1  16.5s
[71/71] Average_mosaic_260620_wrought_316L_fatigue_900_cycle core=   29042 inner=   1355 outer=    8560 neg= 15641239 decl=0  16.9s
rows 1805476 features 273 in 609.1 s
