Average_mosaic_260618_B2_333_75_um_zoom_idx00000_m painted_hw= 11.68 core_hw=  1.41 pred_hw= 28.46 ratio=  8.28 core_frac=0.709 decl=0
Average_mosaic_260618_B2_3_1_lbf_idx00000_mosaicti painted_hw=  8.25 core_hw=  2.83 pred_hw=  10.0 ratio=  2.92 core_frac=0.741 decl=0
Average_mosaic_260618_B2_3_2_lbf_idx00000_mosaicti painted_hw=   6.0 core_hw=   3.0 pred_hw= 13.04 ratio=   2.0 core_frac=0.794 decl=0
Average_mosaic_260618_b2_335_31um_FRFR_idx00000_mo painted_hw= 16.16 core_hw=  4.12 pred_hw= 29.97 ratio=  3.92 core_frac=0.791 decl=0
Average_mosaic_260618_b2_336_25_idx00000_mosaictil painted_hw= 31.78 core_hw=  4.12 pred_hw=  34.3 ratio=  7.71 core_frac=0.808 decl=0
Average_mosaic_260618_b2_337_19_idx00000_mosaictil painted_hw= 28.02 core_hw=  5.39 pred_hw= 39.36 ratio=   5.2 core_frac=0.813 decl=0
Average_mosaic_260618_b2_338_13_idx00000_mosaictil painted_hw= 23.74 core_hw=  7.07 pred_hw= 39.96 ratio=  3.36 core_frac=0.778 decl=0
Average_mosaic_260618_b2_339_06_idx00000_mosaictil painted_hw= 24.19 core_hw=  3.16 pred_hw= 30.59 ratio=  7.66 core_frac=0.797 decl=0
Average_mosaic_260618_b2_340_00_idx00000_mosaictil painted_hw= 32.76 core_hw=  3.16 pred_hw=  40.5 ratio= 10.37 core_frac=0.812 decl=0
Average_mosaic_260618_b2_340_94_idx00000_mosaictil painted_hw= 37.12 core_hw=  3.61 pred_hw=  40.5 ratio= 10.28 core_frac=0.662 decl=0
Average_mosaic_260618_b2_341_88_take2_idx00000_mos painted_hw= 53.29 core_hw=  4.47 pred_hw= 33.14 ratio= 11.92 core_frac=0.766 decl=0
Average_mosaic_260618_b2_342_81_idx00000_mosaictil painted_hw=  87.0 core_hw=  3.16 pred_hw= 33.01 ratio= 27.53 core_frac=0.767 decl=0
Average_mosaic_260618_b2_343_75_LARGE_idx00000_mos painted_hw=  84.0 core_hw=  1.41 pred_hw= 39.81 ratio= 59.57 core_frac=0.614 decl=0
Average_mosaic_260618_b2_343_75_idx00000_mosaictil painted_hw= 23.41 core_hw=  2.83 pred_hw= 31.38 ratio=  8.27 core_frac=0.718 decl=0
Average_mosaic_260619_HC_316L_fatigue_1000_cycles_ painted_hw=   5.1 core_hw=  4.47 pred_hw= 12.08 ratio=  1.14 core_frac=0.456 decl=0
Average_mosaic_260619_HC_316L_fatigue_1100_cycles_ painted_hw=  14.0 core_hw=  2.24 pred_hw= 20.22 ratio=  6.25 core_frac=0.359 decl=0
Average_mosaic_260619_HC_316L_fatigue_1200_cycles_ painted_hw=  20.0 core_hw=  2.24 pred_hw= 22.02 ratio=  8.93 core_frac=0.534 decl=0
Average_mosaic_260619_HC_316L_fatigue_1250_cycles_ painted_hw=  7.21 core_hw=  1.41 pred_hw= 13.34 ratio=  5.11 core_frac=0.549 decl=0
Average_mosaic_260619_HC_316L_fatigue_1300_cycles_ painted_hw= 24.84 core_hw=   4.0 pred_hw= 29.43 ratio=  6.21 core_frac=0.737 decl=0
Average_mosaic_260619_HC_316L_fatigue_1350_cycles_ painted_hw=  20.0 core_hw=  3.61 pred_hw= 22.83 ratio=  5.54 core_frac=0.612 decl=0
Average_mosaic_260619_HC_316L_fatigue_1400_cycles_ painted_hw= 21.32 core_hw=  4.12 pred_hw= 23.77 ratio=  5.17 core_frac=0.725 decl=0
Average_mosaic_260619_HC_316L_fatigue_1400_cycles_ painted_hw= 12.04 core_hw=  2.24 pred_hw= 16.12 ratio=  5.37 core_frac=0.656 decl=0
Average_mosaic_260619_HC_316L_fatigue_1450_cycles_ painted_hw= 36.01 core_hw=   4.0 pred_hw= 34.13 ratio=   9.0 core_frac=0.582 decl=0
Average_mosaic_260619_HC_316L_fatigue_1450_cycles_ painted_hw= 49.16 core_hw=  3.61 pred_hw= 29.68 ratio= 13.62 core_frac=0.651 decl=0
Average_mosaic_260619_HC_316L_fatigue_1500_cycles_ painted_hw= 26.93 core_hw=  4.12 pred_hw= 37.85 ratio=  6.54 core_frac=0.677 decl=0
Average_mosaic_260619_HC_316L_fatigue_1600_cycles_ painted_hw=  27.2 core_hw=  5.39 pred_hw= 28.79 ratio=  5.05 core_frac=0.715 decl=0
Average_mosaic_260619_HC_316L_fatigue_1650_cycles_ painted_hw=  31.4 core_hw=  4.47 pred_hw= 31.06 ratio=  7.02 core_frac=0.621 decl=0
Average_mosaic_260619_HC_316L_fatigue_1650_cycles_ painted_hw= 38.05 core_hw=  2.83 pred_hw= 26.08 ratio= 13.45 core_frac=0.736 decl=0
Average_mosaic_260619_HC_316L_fatigue_1750_cycles_ painted_hw= 32.65 core_hw=  3.61 pred_hw= 29.41 ratio=  9.04 core_frac=0.601 decl=0
Average_mosaic_260619_HC_316L_fatigue_1750_tip_zoo painted_hw= 11.66 core_hw=   2.0 pred_hw=  20.0 ratio=  5.83 core_frac=0.538 decl=0
Average_mosaic_260619_HC_316L_fatigue_1760_tip_zoo painted_hw= 15.65 core_hw=  1.41 pred_hw= 22.47 ratio=  11.1 core_frac=0.523 decl=0
Average_mosaic_260619_HC_316L_fatigue_1770_tip_zoo painted_hw=   6.0 core_hw=   2.0 pred_hw=  17.0 ratio=   3.0 core_frac=0.376 decl=0
Average_mosaic_260619_HC_316L_fatigue_1780_tip_zoo painted_hw=  8.06 core_hw=  2.24 pred_hw= 15.81 ratio=   3.6 core_frac=0.514 decl=0
Average_mosaic_260619_HC_316L_fatigue_1790_cycles_ painted_hw=  19.1 core_hw=  2.24 pred_hw=  26.0 ratio=  8.53 core_frac=0.659 decl=0
Average_mosaic_260619_HC_316L_fatigue_1790_tip_zoo painted_hw=  6.08 core_hw=   3.0 pred_hw= 16.16 ratio=  2.03 core_frac=0.593 decl=0
Average_mosaic_260619_HC_316L_fatigue_600_cycles_i painted_hw=  7.21 core_hw=  7.21 pred_hw= 18.68 ratio=   1.0 core_frac=1.000 decl=1
Average_mosaic_260619_HC_316L_fatigue_700_cycles_i painted_hw=  13.0 core_hw=  4.12 pred_hw=  18.0 ratio=  3.16 core_frac=0.649 decl=0
Average_mosaic_260619_HC_316L_fatigue_800_cycles_i painted_hw=  7.21 core_hw=   5.1 pred_hw=  15.3 ratio=  1.41 core_frac=0.766 decl=0
Average_mosaic_260619_HC_316L_fatigue_900_cycles_F painted_hw= 16.12 core_hw=  2.24 pred_hw=  25.5 ratio=   7.2 core_frac=0.359 decl=0
Average_mosaic_260620_b3_362_50um_idx00000_mosaict painted_hw=164.65 core_hw=   1.0 pred_hw= 94.92 ratio=164.65 core_frac=0.828 decl=0
Average_mosaic_260620_b3_380_00um_4_idx00000_mosai painted_hw= 61.64 core_hw=  1.41 pred_hw=  53.6 ratio= 43.72 core_frac=0.976 decl=0
Average_mosaic_260620_b3_380_00um_ZOOM_idx00000_mo painted_hw= 69.05 core_hw= 65.73 pred_hw= 53.76 ratio=  1.05 core_frac=0.999 decl=0
Average_mosaic_260620_b3_380_00um_idx00000_mosaict painted_hw= 67.36 core_hw=   1.0 pred_hw= 59.54 ratio= 67.36 core_frac=0.894 decl=0
Average_mosaic_260620_b3_380_94um_ZOOM_idx00000_mo painted_hw= 51.62 core_hw= 45.74 pred_hw= 44.78 ratio=  1.13 core_frac=0.999 decl=0
Average_mosaic_260620_b3_381_88um_ZOOM_idx00000_mo painted_hw= 42.91 core_hw= 37.28 pred_hw= 69.42 ratio=  1.15 core_frac=0.998 decl=0
Average_mosaic_260620_b3_383_75um_ZOOM_idx00000_mo painted_hw= 49.82 core_hw= 34.93 pred_hw= 52.98 ratio=  1.43 core_frac=0.986 decl=0
Average_mosaic_260620_b3_385_63um_ZOOM_idx00000_mo painted_hw= 34.66 core_hw= 29.55 pred_hw=  34.0 ratio=  1.17 core_frac=0.989 decl=0
Average_mosaic_260620_b3_388_13um_LARGE_2_idx00000 painted_hw=  58.2 core_hw=   1.0 pred_hw= 68.03 ratio=  58.2 core_frac=0.879 decl=0
Average_mosaic_260620_b3_388_13um_ZOOM_idx00000_mo painted_hw= 60.65 core_hw=   3.0 pred_hw= 39.08 ratio= 20.22 core_frac=0.976 decl=0
Average_mosaic_260620_wrought_316L_fatigue_1000_cy painted_hw=  16.4 core_hw=  9.22 pred_hw= 19.24 ratio=  1.78 core_frac=0.952 decl=0
Average_mosaic_260620_wrought_316L_fatigue_1100_cy painted_hw=  31.0 core_hw=   5.0 pred_hw= 23.77 ratio=   6.2 core_frac=0.782 decl=0
Average_mosaic_260620_wrought_316L_fatigue_1100_cy painted_hw= 36.77 core_hw=  3.16 pred_hw= 27.31 ratio= 11.64 core_frac=0.699 decl=0
Average_mosaic_260620_wrought_316L_fatigue_1200_cy painted_hw= 15.03 core_hw=  4.47 pred_hw=  22.0 ratio=  3.36 core_frac=0.831 decl=0
Average_mosaic_260620_wrought_316L_fatigue_1250_cy painted_hw= 34.37 core_hw=  3.16 pred_hw= 27.02 ratio= 10.88 core_frac=0.835 decl=0
Average_mosaic_260620_wrought_316L_fatigue_1260_cy painted_hw= 17.46 core_hw=  1.41 pred_hw=  20.0 ratio= 12.38 core_frac=0.895 decl=0
Average_mosaic_260620_wrought_316L_fatigue_1270_cy painted_hw= 74.03 core_hw=   1.0 pred_hw= 35.51 ratio= 74.03 core_frac=0.883 decl=0
Average_mosaic_260620_wrought_316L_fatigue_1280_cy painted_hw= 38.33 core_hw=   1.0 pred_hw= 23.41 ratio= 38.33 core_frac=0.841 decl=0
Average_mosaic_260620_wrought_316L_fatigue_1290_cy painted_hw=  10.3 core_hw=   1.0 pred_hw=  17.2 ratio=  10.3 core_frac=0.880 decl=0
Average_mosaic_260620_wrought_316L_fatigue_1300_cy painted_hw=157.33 core_hw=   1.0 pred_hw= 68.24 ratio=157.33 core_frac=0.719 decl=0
Average_mosaic_260620_wrought_316L_fatigue_800_cyc painted_hw=  9.22 core_hw=  9.22 pred_hw= 19.92 ratio=   1.0 core_frac=1.000 decl=1
Average_mosaic_260620_wrought_316L_fatigue_900_cyc painted_hw= 37.22 core_hw=  10.3 pred_hw=  10.0 ratio=  3.61 core_frac=0.746 decl=0
{
 "n_frames": 61,
 "median_hw_painted": 26.93,
 "median_hw_core": 3.16,
 "median_hw_deployed_pred": 28.46,
 "median_ratio": 6.54,
 "median_core_frac": 0.75,
 "n_declined": 2
}
