images=71 with_pos_labels=61 dense_gt=4 clean=6

==============================================================================
1. GLOBAL SWEEP (pooled, in-sample) -- corrections | dense GT | crack-free FP
==============================================================================
    t  recall      fpr     IoU    prec |   gtIoU   gtRec  gtPrec |  onSpecFP  wholeFP
 0.20  1.0000  0.88124  0.1350  0.1350 |  0.3017  0.9898  0.3027 |   43.722%  61.659%
 0.21  0.9999  0.85745  0.1382  0.1382 |  0.3134  0.9876  0.3147 |   40.814%  59.664%
 0.22  0.9999  0.83515  0.1414  0.1414 |  0.3233  0.9854  0.3249 |   38.730%  58.230%
 0.23  0.9999  0.81279  0.1447  0.1447 |  0.3340  0.9831  0.3359 |   36.832%  56.921%
 0.24  0.9999  0.78937  0.1484  0.1484 |  0.3466  0.9806  0.3490 |   34.839%  55.548%
 0.25  0.9998  0.76401  0.1525  0.1525 |  0.3625  0.9777  0.3655 |   32.502%  53.940%
 0.26  0.9998  0.73668  0.1573  0.1573 |  0.3824  0.9744  0.3863 |   29.796%  52.079%
 0.27  0.9997  0.70764  0.1627  0.1627 |  0.4083  0.9703  0.4134 |   26.810%  50.028%
 0.28  0.9997  0.67754  0.1687  0.1687 |  0.4416  0.9659  0.4486 |   23.678%  47.874%
 0.29  0.9996  0.64728  0.1752  0.1752 |  0.4809  0.9615  0.4904 |   20.434%  45.618%
 0.30  0.9996  0.61657  0.1823  0.1823 |  0.5250  0.9572  0.5377 |   17.000%  43.152%
 0.31  0.9995  0.58552  0.1901  0.1902 |  0.5690  0.9527  0.5855 |   13.424%  40.519%
 0.32  0.9994  0.55424  0.1987  0.1987 |  0.6117  0.9487  0.6327 |   10.044%  37.937%
 0.33  0.9993  0.52283  0.2081  0.2082 |  0.6497  0.9451  0.6752 |    7.001%  35.473%
 0.34  0.9992  0.49183  0.2184  0.2184 |  0.6822  0.9417  0.7123 |    4.797%  33.451%
 0.35  0.9991  0.46152  0.2294  0.2294 |  0.7084  0.9386  0.7428 |    3.456%  31.835%
 0.36  0.9990  0.43228  0.2411  0.2412 |  0.7280  0.9355  0.7665 |    2.719%  30.632%
 0.37  0.9988  0.40482  0.2533  0.2534 |  0.7435  0.9327  0.7856 |    2.272%  29.722%
 0.38  0.9987  0.37927  0.2658  0.2659 |  0.7557  0.9300  0.8013 |    1.934%  28.929%
 0.39  0.9986  0.35837  0.2770  0.2771 |  0.7659  0.9274  0.8148 |    1.616%  28.393%
 0.40  0.9985  0.33909  0.2882  0.2883 |  0.7749  0.9249  0.8269 |    1.338%  27.992%
 0.41  0.9984  0.31843  0.3012  0.3013 |  0.7827  0.9224  0.8379 |    1.100%  27.628%
 0.42  0.9983  0.29269  0.3192  0.3193 |  0.7890  0.9201  0.8471 |    0.907%  27.088%
 0.43  0.9982  0.22563  0.3781  0.3783 |  0.7944  0.9181  0.8550 |    0.746%  23.072%
 0.44  0.9981  0.07994  0.6312  0.6320 |  0.7985  0.9164  0.8612 |    0.607%   4.842%
 0.45  0.9979  0.05080  0.7287  0.7299 |  0.8017  0.9149  0.8663 |    0.499%   3.371%
 0.46  0.9976  0.03045  0.8167  0.8184 |  0.8035  0.9136  0.8696 |    0.415%   2.161%
 0.47  0.9973  0.01698  0.8877  0.8898 |  0.8048  0.9125  0.8722 |    0.352%   1.137%
 0.48  0.9970  0.01188  0.9177  0.9202 |  0.8059  0.9114  0.8745 |    0.304%   0.646%
 0.49  0.9967  0.00923  0.9340  0.9369 |  0.8062  0.9105  0.8756 |    0.281%   0.465%
 0.50  0.9964  0.00769  0.9437  0.9469 |  0.8086  0.9095  0.8793 |    0.123%   0.208% <<< SHIPPED
 0.51  0.9962  0.00737  0.9455  0.9490 |  0.8093  0.9088  0.8809 |    0.099%   0.181%
 0.52  0.9959  0.00710  0.9470  0.9507 |  0.8093  0.9080  0.8816 |    0.096%   0.173%
 0.53  0.9956  0.00687  0.9483  0.9522 |  0.8094  0.9073  0.8823 |    0.093%   0.166%
 0.54  0.9954  0.00666  0.9494  0.9536 |  0.8094  0.9066  0.8830 |    0.091%   0.160%
 0.55  0.9951  0.00646  0.9504  0.9549 |  0.8095  0.9060  0.8838 |    0.089%   0.154%
 0.56  0.9948  0.00628  0.9514  0.9561 |  0.8095  0.9053  0.8845 |    0.087%   0.149%
 0.57  0.9946  0.00611  0.9523  0.9573 |  0.8096  0.9046  0.8852 |    0.084%   0.145%
 0.58  0.9943  0.00595  0.9531  0.9583 |  0.8096  0.9038  0.8859 |    0.082%   0.141%
 0.59  0.9940  0.00579  0.9538  0.9594 |  0.8096  0.9031  0.8866 |    0.080%   0.137%
 0.60  0.9937  0.00564  0.9546  0.9604 |  0.8096  0.9024  0.8873 |    0.079%   0.133%
 0.61  0.9934  0.00550  0.9552  0.9613 |  0.8096  0.9016  0.8881 |    0.077%   0.130%
 0.62  0.9931  0.00536  0.9558  0.9623 |  0.8096  0.9008  0.8888 |    0.075%   0.126%
 0.63  0.9927  0.00522  0.9564  0.9632 |  0.8094  0.8998  0.8896 |    0.072%   0.123%
 0.64  0.9921  0.00508  0.9568  0.9641 |  0.8091  0.8985  0.8904 |    0.070%   0.119%
 0.65  0.9912  0.00494  0.9569  0.9651 |  0.8083  0.8967  0.8913 |    0.067%   0.115%
 0.66  0.9899  0.00478  0.9566  0.9661 |  0.8071  0.8942  0.8922 |    0.064%   0.111%
 0.67  0.9881  0.00463  0.9559  0.9671 |  0.8059  0.8915  0.8935 |    0.061%   0.107%
 0.68  0.9855  0.00447  0.9545  0.9681 |  0.8049  0.8879  0.8959 |    0.058%   0.103%
 0.69  0.9821  0.00430  0.9523  0.9691 |  0.8034  0.8833  0.8988 |    0.055%   0.100%
 0.70  0.9777  0.00413  0.9492  0.9702 |  0.8007  0.8772  0.9017 |    0.052%   0.096%
 0.71  0.9725  0.00396  0.9453  0.9713 |  0.7967  0.8694  0.9049 |    0.049%   0.093%
 0.72  0.9665  0.00379  0.9406  0.9723 |  0.7916  0.8600  0.9087 |    0.046%   0.089%
 0.73  0.9597  0.00363  0.9350  0.9732 |  0.7853  0.8491  0.9127 |    0.042%   0.085%
 0.74  0.9521  0.00346  0.9287  0.9742 |  0.7781  0.8368  0.9173 |    0.039%   0.081%
 0.75  0.9438  0.00330  0.9217  0.9752 |  0.7692  0.8229  0.9218 |    0.035%   0.077%
 0.76  0.9344  0.00313  0.9136  0.9762 |  0.7585  0.8071  0.9264 |    0.031%   0.072%
 0.77  0.9242  0.00297  0.9046  0.9772 |  0.7466  0.7904  0.9310 |    0.026%   0.068%
 0.78  0.9132  0.00280  0.8950  0.9782 |  0.7336  0.7726  0.9357 |    0.022%   0.063%
 0.79  0.9015  0.00262  0.8846  0.9793 |  0.7192  0.7532  0.9409 |    0.019%   0.059%
 0.80  0.8889  0.00244  0.8734  0.9805 |  0.7032  0.7326  0.9460 |    0.016%   0.056%

corrections IoU: argmax t=0.65 -> 0.9569;  at 0.50 -> 0.9437;  gain=+0.0132

dense-GT IoU: argmax t=0.61 -> 0.8096;  at 0.50 -> 0.8086;  gain=+0.0010

==============================================================================
2. HELD OUT, GROUPED BY IMAGE -- t chosen on train images, scored on test
==============================================================================

--- corrections IoU ---
seed fold    t*   IoU@t*  IoU@0.50    delta
   0    0  0.65   0.9549    0.9401  +0.0148
   0    1  0.65   0.9291    0.9038  +0.0252
   0    2  0.64   0.9005    0.8686  +0.0319
   0    3  0.65   0.9753    0.9675  +0.0078
   0    4  0.65   0.9736    0.9699  +0.0037
   1    0  0.65   0.9707    0.9611  +0.0096
   1    1  0.64   0.9480    0.9293  +0.0187
   1    2  0.65   0.9365    0.9191  +0.0174
   1    3  0.65   0.9476    0.9334  +0.0143
   1    4  0.65   0.9646    0.9550  +0.0096
   2    0  0.65   0.9439    0.9222  +0.0218
   2    1  0.65   0.9599    0.9475  +0.0123
   2    2  0.64   0.9626    0.9471  +0.0156
   2    3  0.65   0.9493    0.9346  +0.0148
   2    4  0.65   0.9575    0.9510  +0.0066
   3    0  0.65   0.9604    0.9507  +0.0097
   3    1  0.65   0.9477    0.9293  +0.0185
   3    2  0.65   0.9638    0.9537  +0.0101
   3    3  0.65   0.9638    0.9538  +0.0100
   3    4  0.65   0.9119    0.8766  +0.0353
   4    0  0.65   0.9700    0.9581  +0.0119
   4    1  0.64   0.8975    0.8663  +0.0311
   4    2  0.65   0.9171    0.8953  +0.0217
   4    3  0.66   0.9727    0.9682  +0.0045
   4    4  0.65   0.9637    0.9513  +0.0124
  t* : mean 0.649  sd 0.004  min 0.64 max 0.66
  held-out delta vs 0.50: mean +0.01557  sd 0.00824  min +0.0037  max +0.0353  wins 25/25

--- dense-GT IoU ---
seed fold    t*   IoU@t*  IoU@0.50    delta
   0    0  0.62   0.8269    0.8330  -0.0061
   0    1  0.51   0.8045    0.8038  +0.0007
   0    2  0.61   0.8388    0.8390  -0.0002
   0    3  0.63   0.7725    0.7796  -0.0071
   1    0  0.51   0.8045    0.8038  +0.0007
   1    1  0.62   0.8269    0.8330  -0.0061
   1    2  0.63   0.7725    0.7796  -0.0071
   1    3  0.61   0.8388    0.8390  -0.0002
   2    0  0.62   0.8269    0.8330  -0.0061
   2    1  0.51   0.8045    0.8038  +0.0007
   2    2  0.61   0.8388    0.8390  -0.0002
   2    3  0.63   0.7725    0.7796  -0.0071
   3    0  0.51   0.8045    0.8038  +0.0007
   3    1  0.61   0.8388    0.8390  -0.0002
   3    2  0.63   0.7725    0.7796  -0.0071
   3    3  0.62   0.8269    0.8330  -0.0061
   4    0  0.63   0.7725    0.7796  -0.0071
   4    1  0.61   0.8388    0.8390  -0.0002
   4    2  0.51   0.8045    0.8038  +0.0007
   4    3  0.62   0.8269    0.8330  -0.0061
  t* : mean 0.593  sd 0.048  min 0.51 max 0.63
  held-out delta vs 0.50: mean -0.00316  sd 0.00345  min -0.0071  max +0.0007  wins 5/20

==============================================================================
3. IS ONE GLOBAL THRESHOLD THE RIGHT SHAPE? per-image oracle (NEEDS LABELS)
==============================================================================
t_oracle   IoU@t*  IoU@.50    gain  crack%  image
    0.53   0.9815   0.9813 +0.0002  17.37%  Average_mosaic_260618_b2_343_75_LARGE_idx000
    0.70   0.9814   0.9756 +0.0057   9.35%  Average_mosaic_260620_b3_388_13um_LARGE_2_id
    0.60   0.9914   0.9900 +0.0014  15.30%  Average_mosaic_260620_wrought_316L_fatigue_1
    0.52   0.9888   0.9887 +0.0002  12.15%  Average_mosaic_260620_b3_362_50um_idx00000_m
    0.80   0.9690   0.9518 +0.0171   6.93%  Average_mosaic_260620_b3_380_00um_idx00000_m
    0.63   0.9694   0.9579 +0.0114  13.51%  Average_mosaic_260620_wrought_316L_fatigue_1
    0.68   0.9852   0.9783 +0.0069  12.39%  Average_mosaic_260620_wrought_316L_fatigue_1
    0.76   0.9663   0.9362 +0.0301   8.76%  Average_mosaic_260620_wrought_316L_fatigue_1
    0.51   0.9839   0.9839 +0.0000  27.05%  Average_mosaic_260618_b2_340_94_idx00000_mos
    0.65   0.9756   0.9678 +0.0078   9.58%  Average_mosaic_260620_wrought_316L_fatigue_1
    0.67   0.9820   0.9697 +0.0123   8.58%  Average_mosaic_260620_wrought_316L_fatigue_1
    0.51   0.9933   0.9933 +0.0001  21.27%  Average_mosaic_260618_b2_341_88_take2_idx000
    0.51   0.9963   0.9961 +0.0002  21.17%  Average_mosaic_260618_b2_343_75_idx00000_mos
    0.80   0.9728   0.9481 +0.0247   3.18%  Average_mosaic_260620_b3_380_00um_4_idx00000
    0.50   0.9962   0.9962 +0.0000  17.17%  Average_mosaic_260618_b2_342_81_idx00000_mos
    0.65   0.9770   0.9688 +0.0082   6.15%  Average_mosaic_260619_HC_316L_fatigue_1750_c
    0.75   0.8937   0.8409 +0.0528   5.92%  Average_mosaic_260620_wrought_316L_fatigue_1
    0.51   0.9925   0.9924 +0.0001  14.59%  Average_mosaic_260618_b2_340_00_idx00000_mos
    0.62   0.9909   0.9891 +0.0018   2.50%  Average_mosaic_260620_wrought_316L_fatigue_1
    0.66   0.9376   0.9340 +0.0036   5.77%  Average_mosaic_260620_wrought_316L_fatigue_1
    0.80   0.9638   0.9317 +0.0322  10.17%  Average_mosaic_260620_b3_388_13um_ZOOM_idx00
    0.66   0.9152   0.9009 +0.0143   3.80%  Average_mosaic_260619_HC_316L_fatigue_1650_c
    0.66   0.9388   0.9216 +0.0172   5.48%  Average_mosaic_260619_HC_316L_fatigue_1650_c
    0.65   0.9532   0.9351 +0.0181   4.02%  Average_mosaic_260619_HC_316L_fatigue_1450_c
    0.64   0.9777   0.9708 +0.0069   3.25%  Average_mosaic_260619_HC_316L_fatigue_1600_c
    0.65   0.9679   0.9594 +0.0085   3.21%  Average_mosaic_260619_HC_316L_fatigue_1500_c
    0.61   0.9941   0.9930 +0.0011  11.28%  Average_mosaic_260618_b2_337_19_idx00000_mos
    0.69   0.8906   0.8417 +0.0489   2.83%  Average_mosaic_260619_HC_316L_fatigue_1450_c
    0.57   0.9907   0.9901 +0.0006  10.16%  Average_mosaic_260618_b2_339_06_idx00000_mos
    0.64   0.9670   0.9546 +0.0125   2.46%  Average_mosaic_260619_HC_316L_fatigue_1790_c
    0.72   0.7908   0.7225 +0.0683   2.34%  Average_mosaic_260619_HC_316L_fatigue_1400_c
    0.80   0.9599   0.9184 +0.0415   5.91%  Average_mosaic_260620_b3_385_63um_ZOOM_idx00
    0.63   0.9903   0.9885 +0.0018   7.90%  Average_mosaic_260618_b2_338_13_idx00000_mos
    0.79   0.9799   0.9588 +0.0211   5.01%  Average_mosaic_260620_b3_383_75um_ZOOM_idx00
    0.69   0.8269   0.7464 +0.0805   1.53%  Average_mosaic_260619_HC_316L_fatigue_1350_c
    0.65   0.7251   0.6716 +0.0535   1.67%  Average_mosaic_260619_HC_316L_fatigue_1100_c
    0.66   0.7988   0.7334 +0.0654   1.66%  Average_mosaic_260619_HC_316L_fatigue_1200_c
    0.69   0.8914   0.8350 +0.0564   1.35%  Average_mosaic_260619_HC_316L_fatigue_1300_c
    0.68   0.9250   0.8970 +0.0280   1.77%  Average_mosaic_260619_HC_316L_fatigue_1760_t
    0.67   0.9429   0.9131 +0.0298   1.03%  Average_mosaic_260619_HC_316L_fatigue_900_cy
    0.62   0.9892   0.9867 +0.0025   4.12%  Average_mosaic_260618_b2_335_31um_FRFR_idx00
    0.80   0.9615   0.9284 +0.0331   2.88%  Average_mosaic_260620_b3_381_88um_ZOOM_idx00
    0.80   0.9423   0.9046 +0.0377   2.56%  Average_mosaic_260620_b3_380_00um_ZOOM_idx00
    0.80   0.8199   0.6937 +0.1263   0.46%  Average_mosaic_260620_wrought_316L_fatigue_1
    0.63   0.8276   0.7829 +0.0447   0.46%  Average_mosaic_260618_B2_3_2_lbf_idx00000_mo
    0.80   0.9652   0.9205 +0.0447   2.17%  Average_mosaic_260620_b3_380_94um_ZOOM_idx00
    0.61   0.9929   0.9798 +0.0130   2.43%  Average_mosaic_260618_B2_333_75_um_zoom_idx0
    0.76   0.8236   0.6491 +0.1745   0.19%  Average_mosaic_260619_HC_316L_fatigue_600_cy
    0.64   0.7884   0.7241 +0.0643   0.45%  Average_mosaic_260619_HC_316L_fatigue_700_cy
    0.69   0.5582   0.5461 +0.0120   0.65%  Average_mosaic_260619_HC_316L_fatigue_1780_t
    0.66   0.5737   0.4827 +0.0911   0.38%  Average_mosaic_260619_HC_316L_fatigue_1000_c
    0.72   0.7533   0.6326 +0.1208   0.53%  Average_mosaic_260619_HC_316L_fatigue_1750_t
    0.80   0.5910   0.4037 +0.1874   0.18%  Average_mosaic_260620_wrought_316L_fatigue_9
    0.71   0.7630   0.5470 +0.2160   0.26%  Average_mosaic_260619_HC_316L_fatigue_800_cy
    0.54   1.0000   0.9977 +0.0023   1.21%  Average_mosaic_260618_b2_336_25_idx00000_mos
    0.80   0.5900   0.4516 +0.1384   0.15%  Average_mosaic_260620_wrought_316L_fatigue_8
    0.20   1.0000   0.9996 +0.0004   0.16%  Average_mosaic_260618_B2_3_1_lbf_idx00000_mo
    0.77   0.3937   0.2387 +0.1551   0.30%  Average_mosaic_260619_HC_316L_fatigue_1400_c
    0.63   0.7786   0.6986 +0.0800   0.37%  Average_mosaic_260619_HC_316L_fatigue_1250_c
    0.68   0.7919   0.6629 +0.1289   0.21%  Average_mosaic_260619_HC_316L_fatigue_1790_t
    0.66   0.9116   0.8739 +0.0378   0.17%  Average_mosaic_260619_HC_316L_fatigue_1770_t

per-image oracle t: mean 0.663 sd 0.105 median 0.66 min 0.20 max 0.80
oracle mean per-image IoU gain over 0.50: +0.0410  (UPPER BOUND, uses labels)

==============================================================================
4. PER-SPECIMEN-GROUP threshold, held out by image within group
==============================================================================
   AM/HC: n=25  in-sample t*=0.66 IoU 0.8808 vs 0.50 0.8398 (+0.0411)
      B2: n=14  in-sample t*=0.54 IoU 0.9849 vs 0.50 0.9845 (+0.0004)
      B3: n=10  in-sample t*=0.77 IoU 0.9751 vs 0.50 0.9640 (+0.0112)
 Wrought: n=12  in-sample t*=0.68 IoU 0.9605 vs 0.50 0.9462 (+0.0144)

held out (leave-one-image-out inside each group, t from the group's others):
   AM/HC: mean per-image delta +0.05173 (sd 0.04241, wins 25/25)
      B2: mean per-image delta +0.00145 (sd 0.00285, wins 9/14)
      B3: mean per-image delta +0.02303 (sd 0.01407, wins 9/10)
 Wrought: mean per-image delta +0.02543 (sd 0.02915, wins 10/12)
overall held-out per-specimen-group: mean IoU 0.8865 vs 0.50 0.8562 (+0.03031)

wrote results.json
